[www.ezglobalyazilim.com/index.html]
[backblue.gif]
[fade.gif]
[index.html]
[www.ezglobalyazilim.com/img/apple-touch-icon.png]
[www.ezglobalyazilim.com/websanat/favicon.png]
[use.fontawesome.com/releases/v5.7.2/css/all.css]
[www.ezglobalyazilim.com/assets/css/bootstrap.min.css]
[www.ezglobalyazilim.com/assets/css/style.css]
[www.ezglobalyazilim.com/assets/css/responsive.css]
[www.ezglobalyazilim.com/assets/plugins/animate.css-master/animate.min.css]
[www.ezglobalyazilim.com/assets/plugins/lightbox2-master/dist/css/lightbox.css]
[www.ezglobalyazilim.com/assets/css/video-js.css]
[www.ezglobalyazilim.com/assets/plugins/jquery-date-range-picker-master/dist/daterangepicker.min.css]
[cdnjs.cloudflare.com/ajax/libs/toastr.js/latest/toastr.min.css]
[www.ezglobalyazilim.com/assets/plugins/slick-1.8.0/slick/slick.css]
[www.ezglobalyazilim.com/assets/plugins/slick-1.8.0/slick/slick-theme.css]
[www.ezglobalyazilim.com/assets/plugins/slider/css/normalize.min.css]
[www.ezglobalyazilim.com/assets/plugins/slider/css/smartslider.min.css]
[www.ezglobalyazilim.com/websanat/anasayfa.css]
[www.ezglobalyazilim.com/websanat/anasayfa.js]
[www.ezglobalyazilim.com/assets/plugins/slider/js/n2-j.min.js]
[www.ezglobalyazilim.com/assets/plugins/slider/js/nextend-gsap.min.js]
[www.ezglobalyazilim.com/assets/plugins/slider/js/nextend-frontend.min.js]
[www.ezglobalyazilim.com/assets/plugins/slider/js/smartslider-frontend.min.js]
[www.ezglobalyazilim.com/assets/plugins/slider/js/smartslider-simple-type-frontend.min.js]
[www.ezglobalyazilim.com/assets/plugins/slider/js/nextend-webfontloader.min.js]
[www.ezglobalyazilim.com/websanat/websanat.css]
[www.ezglobalyazilim.com/websanat/logo.png]
[www.ezglobalyazilim.com/csgo_hile_satinal/1.html]
[www.ezglobalyazilim.com/csgo_hile_satinal/2.html]
[www.ezglobalyazilim.com/premium_satinal.html]
[www.ezglobalyazilim.com/sans_kutusu.html]
[www.ezglobalyazilim.com/blog.html]
[www.ezglobalyazilim.com/sss.html]
[www.ezglobalyazilim.com/destek.html]
[www.ezglobalyazilim.com/uyelik.html]
[www.ezglobalyazilim.com/websanat/slider/a1.jpg]
[www.ezglobalyazilim.com/csgo_hile_satinal.html]
[www.ezglobalyazilim.com/websanat/slider/a2.jpg]
[www.ezglobalyazilim.com/websanat/slider/a3.jpg]
[www.ezglobalyazilim.com/websanat/slider/sk.png]
[www.ezglobalyazilim.com/websanat/slider/a4.jpg]
[www.ezglobalyazilim.com/websanat/2kademe/koruma.png]
[www.ezglobalyazilim.com/websanat/2kademe/tecrube.png]
[www.ezglobalyazilim.com/websanat/2kademe/ozgun.png]
[www.ezglobalyazilim.com/websanat/2kademe/teknik_destek.png]
[www.ezglobalyazilim.com/websanat/3kademe/555.jpg]
[www.ezglobalyazilim.com/websanat/avatarlar/youtuber.jpg]
[www.ezglobalyazilim.com/websanat/avatarlar/oyuncu.jpg]
[www.ezglobalyazilim.com/websanat/ekran_goruntuleri/2/1.png]
[www.ezglobalyazilim.com/websanat/ekran_goruntuleri/2/2.png]
[www.ezglobalyazilim.com/websanat/ekran_goruntuleri/2/3.png]
[www.ezglobalyazilim.com/websanat/ekran_goruntuleri/2/4.png]
[www.ezglobalyazilim.com/websanat/ekran_goruntuleri/2/5.png]
[www.ezglobalyazilim.com/websanat/ekran_goruntuleri/2/6.png]
[www.ezglobalyazilim.com/kullanici_sozlesmesi.html]
[www.ezglobalyazilim.com/assets/js/jquery-3.3.1.min.js]
[www.ezglobalyazilim.com/assets/js/bootstrap.min.js]
[www.ezglobalyazilim.com/assets/plugins/slick-1.8.0/slick/slick.min.js]
[www.ezglobalyazilim.com/assets/plugins/flex-menu/flexmenu.min.js]
[www.ezglobalyazilim.com/assets/plugins/jquery-match-height-master/dist/jquery.matchHeight.js]
[www.ezglobalyazilim.com/assets/plugins/muuri-master/muuri.js]
[www.ezglobalyazilim.com/assets/plugins/vide-0.5.1/dist/jquery.vide.min.js]
[www.ezglobalyazilim.com/assets/plugins/paroller.js-master/dist/jquery.paroller.min.js]
[www.ezglobalyazilim.com/assets/js/video.js]
[www.ezglobalyazilim.com/assets/js/jquery.inview.min.js]
[www.ezglobalyazilim.com/assets/js/progressbar.min.js]
[www.ezglobalyazilim.com/assets/plugins/lightbox2-master/dist/js/lightbox.js]
[www.ezglobalyazilim.com/assets/js/moment.min.js]
[www.ezglobalyazilim.com/assets/plugins/jquery-date-range-picker-master/dist/jquery.daterangepicker.min.js]
[www.ezglobalyazilim.com/assets/plugins/wow-master/dist/wow.min.js]
[www.ezglobalyazilim.com/assets/js/script.js]
[cdnjs.cloudflare.com/ajax/libs/toastr.js/latest/toastr.min.js]
[cdnjs.cloudflare.com/ajax/libs/jodit/3.1.39/jodit.min.css]
[cdnjs.cloudflare.com/ajax/libs/jodit/3.1.39/jodit.min.js]
[www.ezglobalyazilim.com/index.html]
[www.ezglobalyazilim.com/img/apple-touch-icon.html]
[use.fontawesome.com/releases/v5.7.2/css/all.css]
[www.ezglobalyazilim.com/assets/css/bootstrap.min.css]
[www.ezglobalyazilim.com/websanat/websanat.js]
[www.ezglobalyazilim.com/websanat/AGENCYB.TTF]
[www.ezglobalyazilim.com/assets/images/page-name.jpg]
[www.ezglobalyazilim.com/assets/images/section-bg.png]
[www.ezglobalyazilim.com/assets/images/footer-bg.jpg]
[www.ezglobalyazilim.com/assets/images/404/404-bg.jpg]
[www.ezglobalyazilim.com/assets/images/blog/status-bg.jpg]
[www.ezglobalyazilim.com/assets/css/style.css]
[www.ezglobalyazilim.com/assets/css/responsive.css]
[www.ezglobalyazilim.com/assets/plugins/animate.css-master/animate.min.css]
[www.ezglobalyazilim.com/assets/plugins/lightbox2-master/dist/images/loading.gif]
[www.ezglobalyazilim.com/assets/plugins/lightbox2-master/dist/images/prev.png]
[www.ezglobalyazilim.com/assets/plugins/lightbox2-master/dist/images/next.png]
[www.ezglobalyazilim.com/assets/plugins/lightbox2-master/dist/images/close.png]
[www.ezglobalyazilim.com/assets/plugins/lightbox2-master/dist/css/lightbox.css]
[www.ezglobalyazilim.com/assets/css/video-js.css]
[www.ezglobalyazilim.com/assets/plugins/jquery-date-range-picker-master/dist/daterangepicker.min.css]
[cdnjs.cloudflare.com/ajax/libs/toastr.js/latest/toastr.min.css]
[www.ezglobalyazilim.com/assets/plugins/slick-1.8.0/slick/slick.css]
[www.ezglobalyazilim.com/assets/plugins/slick-1.8.0/slick/ajax-loader.gif]
[www.ezglobalyazilim.com/assets/plugins/slick-1.8.0/slick/fonts/slick.eot]
[www.ezglobalyazilim.com/assets/plugins/slick-1.8.0/slick/fonts/slickd41dd41d.eot]
[www.ezglobalyazilim.com/assets/plugins/slick-1.8.0/slick/fonts/slick.woff]
[www.ezglobalyazilim.com/assets/plugins/slick-1.8.0/slick/fonts/slick.ttf]
[www.ezglobalyazilim.com/assets/plugins/slick-1.8.0/slick/slick-theme.css]
[www.ezglobalyazilim.com/assets/plugins/slider/css/normalize.min.css]
[www.ezglobalyazilim.com/assets/plugins/slider/css/smartslider.min.css]
[www.ezglobalyazilim.com/websanat/anasayfa.css]
[www.ezglobalyazilim.com/assets/plugins/slick-1.8.0/slick/fonts/slick.svg]
[www.ezglobalyazilim.com/websanat/footer.jpg]
[www.ezglobalyazilim.com/websanat/websanat.css]
[www.ezglobalyazilim.com/websanat/genel_resimler/45555.jpg]
[www.ezglobalyazilim.com/_/websanat/genel_resimler/dinazor.jpg_]
[www.ezglobalyazilim.com/csgo_hile_satinal/1.html]
[www.ezglobalyazilim.com/csgo_hile_satinal/2.html]
[www.ezglobalyazilim.com/websanat/discord.jpg]
[www.ezglobalyazilim.com/premium_satinal.html]
[www.ezglobalyazilim.com/websanat/sans_kutulari/gumus.png]
[www.ezglobalyazilim.com/websanat/sans_kutulari/altin.png]
[www.ezglobalyazilim.com/websanat/sans_kutulari/elmas.png]
[www.ezglobalyazilim.com/sans_kutusu.html]
[www.ezglobalyazilim.com/blogres/12-ke185.jpg]
[www.ezglobalyazilim.com/blog/null-base-protect-nedir-12.html]
[www.ezglobalyazilim.com/blogres/11-ke185.jpg]
[www.ezglobalyazilim.com/blog/cs-go-hile-kullanirken-ban-yememek-11.html]
[www.ezglobalyazilim.com/blogres/10-ke185.jpg]
[www.ezglobalyazilim.com/blog/ezglobal-instagram-adresi-10.html]
[www.ezglobalyazilim.com/blogres/9-ke185.jpg]
[www.ezglobalyazilim.com/blog/cs-go-vacnet-nedir-9.html]
[www.ezglobalyazilim.com/blogres/8-ke185.jpg]
[www.ezglobalyazilim.com/blog/cs-go-bedava-hile-8.html]
[www.ezglobalyazilim.com/blogres/7-ke185.jpg]
[www.ezglobalyazilim.com/blog/cs-go-skinchanger-satin-al-7.html]
[www.ezglobalyazilim.com/blogres/6-ke185.jpg]
[www.ezglobalyazilim.com/blog/ezglobal-yazilim-vac-ban-yedirir-mi-6.html]
[www.ezglobalyazilim.com/blogres/5-ke185.jpg]
[www.ezglobalyazilim.com/blog/ezglobal-yazilim-guvenli-mi-5.html]
[www.ezglobalyazilim.com/blogres/4-ke185.jpg]
[www.ezglobalyazilim.com/blog.html]
[www.ezglobalyazilim.com/sss.html]
[www.ezglobalyazilim.com/destek.html]
[www.ezglobalyazilim.com/blog/blog-sayfamiz-acildi-4.html]
[www.google.com/recaptcha/api9e3e.js]
[www.ezglobalyazilim.com/uyelik.html]
[www.ezglobalyazilim.com/csgo_hile_satinal.html]
[www.ezglobalyazilim.com/kullanici_sozlesmesi.html]
[cdnjs.cloudflare.com/ajax/libs/jodit/3.1.39/jodit.min.css]
[www.ezglobalyazilim.com/assets/plugins/slick-1.8.0/slick/fonts/slick.svg]
[www.ezglobalyazilim.com/_/websanat/genel_resimler/dinazor.html]
[www.ezglobalyazilim.com/sifremi_unuttum.html]
[www.ezglobalyazilim.com/blogres/12-b6e18.jpg]
[www.ezglobalyazilim.com/blog/null-base-protect-nedir-12.html]
[www.ezglobalyazilim.com/blogres/11-b1ee8.jpg]
[www.ezglobalyazilim.com/blog/cs-go-hile-kullanirken-ban-yememek-11.html]
[www.ezglobalyazilim.com/blogres/10-b1ee8.jpg]
[www.ezglobalyazilim.com/blog/ezglobal-instagram-adresi-10.html]
[www.ezglobalyazilim.com/blogres/9-b1ee8.jpg]
[www.ezglobalyazilim.com/blog/cs-go-vacnet-nedir-9.html]
[www.ezglobalyazilim.com/blogres/8-b6ce9.jpg]
[www.ezglobalyazilim.com/blog/cs-go-bedava-hile-8.html]
[www.ezglobalyazilim.com/blogres/7-b6ce9.jpg]
[www.ezglobalyazilim.com/blog/cs-go-skinchanger-satin-al-7.html]
[www.ezglobalyazilim.com/blogres/6-bfbe4.jpg]
[www.ezglobalyazilim.com/blog/ezglobal-yazilim-vac-ban-yedirir-mi-6.html]
[www.ezglobalyazilim.com/blogres/5-bfbe4.jpg]
[www.ezglobalyazilim.com/blog/ezglobal-yazilim-guvenli-mi-5.html]
[www.ezglobalyazilim.com/blogres/4-b29a2.jpg]
[www.ezglobalyazilim.com/blog/blog-sayfamiz-acildi-4.html]
[www.ezglobalyazilim.com/sifremi_unuttum.html]
